// Jest Snapshot v1, https://goo.gl/fbAQLP

exports[`Test RangeSlider component should render correctly based on last snapshot 1`] = `
ShallowWrapper {
  Symbol(enzyme.__root__): [Circular],
  Symbol(enzyme.__unrendered__): <RangeSlider
    block={false}
    className="aditionalClass"
    disabled={false}
    max={100}
    min={0}
    onChange={[Function]}
    step={1}
    value={42}
  />,
  Symbol(enzyme.__renderer__): Object {
    "batchedUpdates": [Function],
    "getNode": [Function],
    "render": [Function],
    "simulateError": [Function],
    "simulateEvent": [Function],
    "unmount": [Function],
  },
  Symbol(enzyme.__node__): Object {
    "instance": null,
    "key": undefined,
    "nodeType": "host",
    "props": Object {
      "className": "range-slider  aditionalClass",
      "disabled": false,
      "max": 100,
      "min": 0,
      "onChange": [Function],
      "step": 1,
      "type": "range",
      "value": 42,
    },
    "ref": null,
    "rendered": null,
    "type": "input",
  },
  Symbol(enzyme.__nodes__): Array [
    Object {
      "instance": null,
      "key": undefined,
      "nodeType": "host",
      "props": Object {
        "className": "range-slider  aditionalClass",
        "disabled": false,
        "max": 100,
        "min": 0,
        "onChange": [Function],
        "step": 1,
        "type": "range",
        "value": 42,
      },
      "ref": null,
      "rendered": null,
      "type": "input",
    },
  ],
  Symbol(enzyme.__options__): Object {
    "adapter": ReactSixteenAdapter {
      "options": Object {
        "enableComponentDidUpdateOnSetState": true,
        "lifecycles": Object {
          "componentDidUpdate": Object {
            "onSetState": true,
          },
          "getDerivedStateFromProps": true,
          "getSnapshotBeforeUpdate": true,
          "setState": Object {
            "skipsComponentDidUpdateOnNullish": true,
          },
        },
      },
    },
  },
}
`;
